// Jest Snapshot v1, https://goo.gl/fbAQLP

exports[`renders 1`] = `
<p>
  We couldn't find anything
</p>
`;
