// Jest Snapshot v1, https://goo.gl/fbAQLP

exports[`renders 1`] = `
<input
  className="sc-bdVaJa edzqSS"
/>
`;
