// Jest Snapshot v1, https://goo.gl/fbAQLP

exports[`renders 1`] = `
ShallowWrapper {
  "complexSelector": ComplexSelector {
    "buildPredicate": [Function],
    "childrenOfNode": [Function],
    "findWhereUnwrapped": [Function],
  },
  "length": 1,
  "node": <styled.form
    data-role="search-form"
>
    <styled.input
        data-role="search-input"
        placeholder="e.g. Blade Runner"
        type="text"
    />
    <styled.button>
        Search
    </styled.button>
</styled.form>,
  "nodes": Array [
    <styled.form
      data-role="search-form"
>
      <styled.input
            data-role="search-input"
            placeholder="e.g. Blade Runner"
            type="text"
      />
      <styled.button>
            Search
      </styled.button>
</styled.form>,
  ],
  "options": Object {},
  "renderer": ReactShallowRenderer {
    "_instance": ShallowComponentWrapper {
      "_calledComponentWillUnmount": false,
      "_compositeType": 2,
      "_context": Object {},
      "_currentElement": <SearchForm />,
      "_debugID": 1,
      "_hostContainerInfo": null,
      "_hostParent": null,
      "_instance": StatelessComponent {
        "_reactInternalInstance": [Circular],
        "context": Object {},
        "props": Object {},
        "refs": Object {},
        "state": null,
        "updater": Object {
          "enqueueCallback": [Function],
          "enqueueCallbackInternal": [Function],
          "enqueueElementInternal": [Function],
          "enqueueForceUpdate": [Function],
          "enqueueReplaceState": [Function],
          "enqueueSetState": [Function],
          "isMounted": [Function],
          "validateCallback": [Function],
        },
      },
      "_mountOrder": 1,
      "_pendingCallbacks": null,
      "_pendingElement": null,
      "_pendingForceUpdate": false,
      "_pendingReplaceState": false,
      "_pendingStateQueue": null,
      "_renderedComponent": NoopInternalComponent {
        "_currentElement": <styled.form
          data-role="search-form"
>
          <styled.input
                    data-role="search-input"
                    placeholder="e.g. Blade Runner"
                    type="text"
          />
          <styled.button>
                    Search
          </styled.button>
</styled.form>,
        "_debugID": 2,
        "_renderedOutput": <styled.form
          data-role="search-form"
>
          <styled.input
                    data-role="search-input"
                    placeholder="e.g. Blade Runner"
                    type="text"
          />
          <styled.button>
                    Search
          </styled.button>
</styled.form>,
      },
      "_renderedNodeType": 1,
      "_rootNodeID": 0,
      "_topLevelWrapper": null,
      "_updateBatchNumber": null,
      "_warnedAboutRefsInRender": false,
    },
    "getRenderOutput": [Function],
    "render": [Function],
  },
  "root": [Circular],
  "unrendered": <SearchForm />,
}
`;
