// Jest Snapshot v1, https://goo.gl/fbAQLP

exports[`renders 1`] = `
<styled.div>
  <styled.img
    src="https://image.tmdb.org/t/p/w300_and_h450_bestv2undefined"
  />
  <styled.div>
    <styled.h2 />
    <styled.div />
  </styled.div>
</styled.div>
`;
